MPLINK 5.09, LINKER
Linker Map File - Created Sun Sep 22 02:32:54 2019

                                 Section Info
                  Section       Type    Address   Location Size(Bytes)
                ---------  ---------  ---------  ---------  ---------
                   .org_0       code   0x000000    program   0x000014
                   .cinit    romdata   0x000014    program   0x000002
.config_300001_BUILD/DEFAULT/PRODUCTION/NEWASMT    romdata   0x300001    program   0x000001
.config_300003_BUILD/DEFAULT/PRODUCTION/NEWASMT    romdata   0x300003    program   0x000001



                              Program Memory Usage 
                               Start         End      
                           ---------   ---------      
                            0x000000    0x000015      
                            0x300001    0x300001      
                            0x300003    0x300003      
            24 out of 33048 program addresses used, program memory utilization is 0%



                              Symbols - Sorted by Name
                     Name    Address   Location    Storage File                     
                ---------  ---------  ---------  --------- ---------                
                  Initial   0x000000    program     static C:\Users\yan\MPLABXProjects\LAB000.X\newAsmTemplate.asm
                     loop   0x00000a    program     static C:\Users\yan\MPLABXProjects\LAB000.X\newAsmTemplate.asm
                    start   0x000000    program     static C:\Users\yan\MPLABXProjects\LAB000.X\newAsmTemplate.asm



                              Symbols - Sorted by Address
                     Name    Address   Location    Storage File                     
                ---------  ---------  ---------  --------- ---------                
                  Initial   0x000000    program     static C:\Users\yan\MPLABXProjects\LAB000.X\newAsmTemplate.asm
                    start   0x000000    program     static C:\Users\yan\MPLABXProjects\LAB000.X\newAsmTemplate.asm
                     loop   0x00000a    program     static C:\Users\yan\MPLABXProjects\LAB000.X\newAsmTemplate.asm


