Microchip MPLAB XC8 Compiler V2.10 ()

Linker command line:

-W-3 --edf=C:\Program Files (x86)\Microchip\xc8\v2.10\pic\dat\en_msgs.txt \
  -cs -h+dist/default/debug\LAB11.X.debug.sym \
  --cmf=dist/default/debug\LAB11.X.debug.cmf -z -w9 --disl=596:off \
  -Q18F4520 -oC:\Users\yan\AppData\Local\Temp\s1ko.2 \
  --defsym=__MPLAB_BUILD=1 -Mdist/default/debug/LAB11.X.debug.map -E1 \
  -ver=XC8 --acfsm=1493 -ACODE=00h-07DBFh -ACONST=00h-07DBFh \
  -ASMALLCONST=0600h-06FFhx119,07D00h-07DBFh -AMEDIUMCONST=0600h-07DBFh \
  -ACOMRAM=01h-07Fh -AABS1=00h-05F3h -ABIGRAM=01h-05F3h \
  -ARAM=080h-0FFh,0100h-01FFhx4,0500h-05F3h -ABANK0=080h-0FFh \
  -ABANK1=0100h-01FFh -ABANK2=0200h-02FFh -ABANK3=0300h-03FFh \
  -ABANK4=0400h-04FFh -ABANK5=0500h-05F3h \
  -ASFR=0F80h-0F9Bh,0F9Dh-0FD3h,0FD5h-0FDAh,0FE0h-0FE2h,0FE8h-0FEAh,0FF0h-0FFCh \
  -preset_vec=00h,intcode,intcodelo,powerup,init -pramtop=0600h \
  -psmallconst=SMALLCONST -pmediumconst=MEDIUMCONST -pconst=CONST \
  -AFARRAM=00h-00h -ACONFIG=0300000h-030000Dh -pconfig=CONFIG \
  -AIDLOC=0200000h-0200007h -pidloc=IDLOC -AEEDATA=0F00000h-0F000FFh \
  -peeprom_data=EEDATA \
  -prdata=COMRAM,nvrram=COMRAM,nvbit=COMRAM,rbss=COMRAM,rbit=COMRAM \
  -pfarbss=FARRAM,fardata=FARRAM,nvFARRAM=FARRAM \
  -pintsave_regs=BIGRAM,bigbss=BIGRAM,bigdata=BIGRAM -pbss=RAM \
  -pidata=CODE,irdata=CODE,ibigdata=CODE,ifardata=CODE \
  C:\Users\yan\AppData\Local\Temp\s1ko.o dist/default/debug\LAB11.X.debug.o 

Object code version is 3.11

Machine type is 18F4520

Call graph: (short form)




                Name                               Link     Load   Length Selector   Space Scale
C:\Users\yan\AppData\Local\Temp\s1ko.o
                init                                  6        6        4        0       0
dist/default/debug\LAB11.X.debug.o
                intcode                               0        0        6        0       0
                temp                                 7E       7E        1        1       1
                smallconst                          600      600       3A      300       0
                intcode_body                       3240     3240       20      31D       0
                text29                             3260     3260       1E      31D       0
                text28                             23B4     23B4      1B4      31D       0
                text27                             2CAE     2CAE       C4      31D       0
                text26                             2D72     2D72       B0      31D       0
                text25                             1ABE     1ABE      39A      31D       0
                text24                             2ED0     2ED0       AA      31D       0
                text23                             266E     266E      104      31D       0
                text22                             1694     1694      42A      31D       0
                text21                             31AC     31AC       38      31D       0
                text20                             11D4     11D4      4C0      31D       0
                text19                             30EA     30EA       46      31D       0
                text18                             2568     2568      106      31D       0
                text17                             2772     2772       FE      31D       0
                text16                             21A2     21A2      212      31D       0
                text15                             327E     327E        2      31D       0
                text14                             2B1E     2B1E       CA      31D       0
                text13                             3130     3130       44      31D       0
                text12                             31E4     31E4       36      31D       0
                text11                             2BE8     2BE8       C6      31D       0
                text10                             303C     303C       5C      31D       0
                text9                              3174     3174       38      31D       0
                text8                              2FDC     2FDC       60      31D       0
                text7                               63A      63A      B9A      31D       0
                text6                              2A48     2A48       D6      31D       0
                text5                              1E58     1E58      34A      31D       0
                text4                              2F7A     2F7A       62      31D       0
                text3                              3098     3098       52      31D       0
                text2                              2968     2968       E0      31D       0
                text1                              2870     2870       F8      31D       0
                text0                              2E22     2E22       AE      31D       0
                cstackCOMRAM                          1        1       7D        1       1
                cstackBANK0                          80       80       30       80       1
                bssBANK1                            100      100       50      100       1
                bssBANK0                             B0       B0       1A       80       1
                cinit                              321A     321A       26      31D       0

TOTAL           Name                               Link     Load   Length     Space
        CLASS   CODE           
                intcode                               0        0        6         0
                init                                  6        6        4         0
                intcode_body                       3240     3240       20         0
                text29                             3260     3260       1E         0
                text28                             23B4     23B4      1B4         0
                text27                             2CAE     2CAE       C4         0
                text26                             2D72     2D72       B0         0
                text25                             1ABE     1ABE      39A         0
                text24                             2ED0     2ED0       AA         0
                text23                             266E     266E      104         0
                text22                             1694     1694      42A         0
                text21                             31AC     31AC       38         0
                text20                             11D4     11D4      4C0         0
                text19                             30EA     30EA       46         0
                text18                             2568     2568      106         0
                text17                             2772     2772       FE         0
                text16                             21A2     21A2      212         0
                text15                             327E     327E        2         0
                text14                             2B1E     2B1E       CA         0
                text13                             3130     3130       44         0
                text12                             31E4     31E4       36         0
                text11                             2BE8     2BE8       C6         0
                text10                             303C     303C       5C         0
                text9                              3174     3174       38         0
                text8                              2FDC     2FDC       60         0
                text7                               63A      63A      B9A         0
                text6                              2A48     2A48       D6         0
                text5                              1E58     1E58      34A         0
                text4                              2F7A     2F7A       62         0
                text3                              3098     3098       52         0
                text2                              2968     2968       E0         0
                text1                              2870     2870       F8         0
                text0                              2E22     2E22       AE         0
                cinit                              321A     321A       26         0

        CLASS   CONST          

        CLASS   SMALLCONST     
                smallconst                          600      600       3A         0

        CLASS   MEDIUMCONST    

        CLASS   COMRAM         
                temp                                 7E       7E        1         1
                cstackCOMRAM                          1        1       7D         1

        CLASS   ABS1           

        CLASS   BIGRAM         

        CLASS   RAM            

        CLASS   BANK0          
                cstackBANK0                          80       80       30         1
                bssBANK0                             B0       B0       1A         1

        CLASS   BANK1          
                bssBANK1                            100      100       50         1

        CLASS   BANK2          

        CLASS   BANK3          

        CLASS   BANK4          

        CLASS   BANK5          

        CLASS   SFR            

        CLASS   FARRAM         

        CLASS   CONFIG         

        CLASS   IDLOC          

        CLASS   EEDATA         

        CLASS   STACK          



SEGMENTS        Name                           Load    Length   Top    Selector   Space  Class

                reset_vec                      000000  00000A  00000A         0       0  CODE    
                cstackCOMRAM                   000001  00007E  00007F         1       1  COMRAM  
                cstackBANK0                    000080  00004A  0000CA        80       1  BANK0   
                bssBANK1                       000100  000050  000150       100       1  BANK1   
                smallconst                     000600  00003A  00063A       300       0  SMALLCON
                text7                          00063A  002C46  003280       31D       0  CODE    


UNUSED ADDRESS RANGES

        Name                Unused          Largest block    Delta
        BANK0            00CA-00FF             36
        BANK1            0150-01FF             B0
        BANK2            0200-02FF            100
        BANK3            0300-03FF            100
        BANK4            0400-04FF            100
        BANK5            0500-05F3             F4
        BIGRAM           007F-007F              1
                         00CA-00FF             36
                         0150-05F3            4A4
        CODE             000A-05FF            5F6
                         3280-7DBF           4B40
        COMRAM           007F-007F              1
        CONFIG           300000-30000D              E
        CONST            000A-05FF            5F6
                         3280-7DBF           4B40
        EEDATA           F00000-F000FF            100
        IDLOC            200000-200007              8
        MEDIUMCONST      3280-7DBF           4B40
        RAM              00CA-00FF             36
                         0150-05F3            100
        SFR              0F80-0F9B             1C
                         0F9D-0FD3             37
                         0FD5-0FDA              6
                         0FE0-0FE2              3
                         0FE8-0FEA              3
                         0FF0-0FFC              D
        SMALLCONST       3280-7DBF            100

                                  Symbol Table

?___awdiv                cstackCOMRAM 0001
?___awmod                cstackCOMRAM 0001
?___fladd                cstackCOMRAM 0001
?___fldiv                cstackCOMRAM 0001
?___flmul                cstackCOMRAM 000F
?___flneg                cstackCOMRAM 0001
?___flsub                cstackCOMRAM 0028
?___fltol                cstackCOMRAM 0001
?___fpclassifyf          cstackCOMRAM 0001
?___xxtofl               cstackCOMRAM 0001
?_efgtoa                 cstackCOMRAM 0034
?_floorf                 cstackCOMRAM 001A
?_isupper                cstackCOMRAM 0001
?_pad                    cstackCOMRAM 0011
?_sprintf                cstackBANK0  0096
?_strcmp                 cstackCOMRAM 0001
?_strlen                 cstackCOMRAM 0001
?_strncmp                cstackCOMRAM 0001
?_tolower                cstackCOMRAM 0007
?_vfpfcnvrt              cstackCOMRAM 0078
?_vfprintf               cstackBANK0  008E
Mode2@digital            cstackBANK0  00AC
Mode2@i                  cstackBANK0  00AE
Mode2@voltage            cstackBANK0  00A8
_ADC_Read                                 
_ADC_Read$0              cstackCOMRAM 0001
_ClearBuffer                              
_GetString                                
_Hi_ISR                  intcode      0000
_Mode1                   text29       3260
_Mode2                   text1        2870
_PIR1bits                (abs)        0F9E
_RC2                     (abs)        7C12
_SYSTEM_Initialize                        
_TMR3                    (abs)        0FB2
_UART_Write_Text                          
_UART_Write_Text$0       cstackCOMRAM 0001
__HRAM                   (abs)        0000
__Habs1                  abs1         0000
__Hbank0                 bank0        0000
__Hbank1                 bank1        0000
__Hbank2                 bank2        0000
__Hbank3                 bank3        0000
__Hbank4                 bank4        0000
__Hbank5                 bank5        0000
__Hbigbss                bigbss       0000
__Hbigdata               bigdata      0000
__Hbigram                bigram       0000
__Hbss                   bss          0000
__HbssBANK0              bssBANK0     0000
__HbssBANK1              bssBANK1     0000
__Hcinit                 cinit        0000
__Hclrtext               clrtext      0000
__Hcomram                comram       0000
__Hconfig                config       0000
__Hconst                 const        0000
__HcstackBANK0           cstackBANK0  0000
__HcstackCOMRAM          cstackCOMRAM 0000
__Hdata                  data         0000
__Heeprom_data           eeprom_data  0000
__Hfarbss                farbss       0000
__Hfardata               fardata      0000
__Hibigdata              ibigdata     0000
__Hidata                 idata        0000
__Hidloc                 idloc        0000
__Hifardata              ifardata     0000
__Hinit                  init         000A
__Hintcode               intcode      0006
__Hintcode_body          intcode_body 0000
__Hintcodelo             intcodelo    0006
__Hintentry              intentry     0000
__Hintret                intret       0000
__Hintsave_regs          intsave_regs 0000
__Hirdata                irdata       0000
__Hmediumconst           mediumconst  0000
__HnvFARRAM              nvFARRAM     0000
__Hnvbit                 nvbit        0000
__Hnvrram                nvrram       0000
__Hparam                 rparam       0000
__Hpowerup               powerup      0006
__Hram                   ram          0000
__Hramtop                ramtop       0600
__Hrbit                  rbit         0000
__Hrbss                  rbss         0000
__Hrdata                 rdata        0000
__Hreset_vec             reset_vec    0000
__Hrparam                rparam       0000
__Hsfr                   sfr          0000
__Hsmallconst            smallconst   063A
__Hspace_0               (abs)        3280
__Hspace_1               (abs)        0150
__Hspace_2               (abs)        0000
__Hstack                 stack        0000
__Hstruct                struct       0000
__Htemp                  temp         007F
__Htext                  text         0000
__Htext0                 text0        0000
__Htext1                 text1        0000
__Htext10                text10       0000
__Htext11                text11       0000
__Htext12                text12       0000
__Htext13                text13       0000
__Htext14                text14       0000
__Htext15                text15       0000
__Htext16                text16       0000
__Htext17                text17       0000
__Htext18                text18       0000
__Htext19                text19       0000
__Htext2                 text2        0000
__Htext20                text20       0000
__Htext21                text21       0000
__Htext22                text22       0000
__Htext23                text23       0000
__Htext24                text24       0000
__Htext25                text25       0000
__Htext26                text26       0000
__Htext27                text27       0000
__Htext28                text28       0000
__Htext29                text29       0000
__Htext3                 text3        0000
__Htext4                 text4        0000
__Htext5                 text5        0000
__Htext6                 text6        0000
__Htext7                 text7        0000
__Htext8                 text8        0000
__Htext9                 text9        0000
__LRAM                   (abs)        0001
__Labs1                  abs1         0000
__Lbank0                 bank0        0000
__Lbank1                 bank1        0000
__Lbank2                 bank2        0000
__Lbank3                 bank3        0000
__Lbank4                 bank4        0000
__Lbank5                 bank5        0000
__Lbigbss                bigbss       0000
__Lbigdata               bigdata      0000
__Lbigram                bigram       0000
__Lbss                   bss          0000
__LbssBANK0              bssBANK0     0000
__LbssBANK1              bssBANK1     0000
__Lcinit                 cinit        0000
__Lclrtext               clrtext      0000
__Lcomram                comram       0000
__Lconfig                config       0000
__Lconst                 const        0000
__LcstackBANK0           cstackBANK0  0000
__LcstackCOMRAM          cstackCOMRAM 0000
__Ldata                  data         0000
__Leeprom_data           eeprom_data  0000
__Lfarbss                farbss       0000
__Lfardata               fardata      0000
__Libigdata              ibigdata     0000
__Lidata                 idata        0000
__Lidloc                 idloc        0000
__Lifardata              ifardata     0000
__Linit                  init         0006
__Lintcode               intcode      0000
__Lintcode_body          intcode_body 0000
__Lintcodelo             intcodelo    0006
__Lintentry              intentry     0000
__Lintret                intret       0000
__Lintsave_regs          intsave_regs 0000
__Lirdata                irdata       0000
__Lmediumconst           mediumconst  0000
__LnvFARRAM              nvFARRAM     0000
__Lnvbit                 nvbit        0000
__Lnvrram                nvrram       0000
__Lparam                 rparam       0000
__Lpowerup               powerup      0006
__Lram                   ram          0000
__Lramtop                ramtop       0600
__Lrbit                  rbit         0000
__Lrbss                  rbss         0000
__Lrdata                 rdata        0000
__Lreset_vec             reset_vec    0000
__Lrparam                rparam       0000
__Lsfr                   sfr          0000
__Lsmallconst            smallconst   0600
__Lspace_0               (abs)        0000
__Lspace_1               (abs)        0000
__Lspace_2               (abs)        0000
__Lstack                 stack        0000
__Lstruct                struct       0000
__Ltemp                  temp         007E
__Ltext                  text         0000
__Ltext0                 text0        0000
__Ltext1                 text1        0000
__Ltext10                text10       0000
__Ltext11                text11       0000
__Ltext12                text12       0000
__Ltext13                text13       0000
__Ltext14                text14       0000
__Ltext15                text15       0000
__Ltext16                text16       0000
__Ltext17                text17       0000
__Ltext18                text18       0000
__Ltext19                text19       0000
__Ltext2                 text2        0000
__Ltext20                text20       0000
__Ltext21                text21       0000
__Ltext22                text22       0000
__Ltext23                text23       0000
__Ltext24                text24       0000
__Ltext25                text25       0000
__Ltext26                text26       0000
__Ltext27                text27       0000
__Ltext28                text28       0000
__Ltext29                text29       0000
__Ltext3                 text3        0000
__Ltext4                 text4        0000
__Ltext5                 text5        0000
__Ltext6                 text6        0000
__Ltext7                 text7        0000
__Ltext8                 text8        0000
__Ltext9                 text9        0000
__S0                     (abs)        3280
__S1                     (abs)        0150
___awdiv                 text27       2CAE
___awdiv@counter         cstackCOMRAM 0005
___awdiv@dividend        cstackCOMRAM 0001
___awdiv@divisor         cstackCOMRAM 0003
___awdiv@quotient        cstackCOMRAM 0007
___awdiv@sign            cstackCOMRAM 0006
___awmod                 text26       2D72
___awmod@counter         cstackCOMRAM 0005
___awmod@dividend        cstackCOMRAM 0001
___awmod@divisor         cstackCOMRAM 0003
___awmod@sign            cstackCOMRAM 0006
___fladd                 text20       11D4
___fladd@a               cstackCOMRAM 0005
___fladd@aexp            cstackCOMRAM 000E
___fladd@b               cstackCOMRAM 0001
___fladd@bexp            cstackCOMRAM 000F
___fladd@grs             cstackCOMRAM 0010
___fladd@signs           cstackCOMRAM 000D
___fldiv                 text25       1ABE
___fldiv@a               cstackCOMRAM 0005
___fldiv@aexp            cstackCOMRAM 0019
___fldiv@b               cstackCOMRAM 0001
___fldiv@bexp            cstackCOMRAM 0018
___fldiv@grs             cstackCOMRAM 0014
___fldiv@new_exp         cstackCOMRAM 0012
___fldiv@rem             cstackCOMRAM 000D
___fldiv@sign            cstackCOMRAM 0011
___fleq                  text24       2ED0
___fleq@ff1              cstackCOMRAM 0001
___fleq@ff2              cstackCOMRAM 0005
___flge                  text23       266E
___flge@ff1              cstackCOMRAM 0028
___flge@ff2              cstackCOMRAM 002C
___flmul                 text22       1694
___flmul@a               cstackCOMRAM 0013
___flmul@aexp            cstackCOMRAM 0020
___flmul@b               cstackCOMRAM 000F
___flmul@bexp            cstackCOMRAM 0021
___flmul@grs             cstackCOMRAM 001C
___flmul@prod            cstackCOMRAM 0022
___flmul@sign            cstackCOMRAM 001B
___flmul@temp            cstackCOMRAM 0026
___flneg                 text21       31AC
___flneg@f1              cstackCOMRAM 0001
___flsub                 text19       30EA
___flsub@a               cstackCOMRAM 002C
___flsub@b               cstackCOMRAM 0028
___fltol                 text18       2568
___fltol@exp1            cstackCOMRAM 000A
___fltol@f1              cstackCOMRAM 0001
___fltol@sign1           cstackCOMRAM 0009
___fpclassifyf           text17       2772
___fpclassifyf@F463      bssBANK0     00B4
___fpclassifyf@e         cstackCOMRAM 0009
___fpclassifyf@u         cstackCOMRAM 000B
___fpclassifyf@x         cstackCOMRAM 0001
___inthi_sp              stack        0000
___intlo_sp              stack        0000
___param_bank            (abs)        0000
___rparam_used           (abs)        0001
___sp                    stack        0000
___xxtofl                text28       23B4
___xxtofl@arg            cstackCOMRAM 000B
___xxtofl@exp            cstackCOMRAM 000A
___xxtofl@sign           cstackCOMRAM 0009
___xxtofl@val            cstackCOMRAM 0001
__accesstop              (abs)        0080
__activetblptr           (abs)        0002
__end_of_Hi_ISR          intcode_body 3260
__end_of_Mode1           text29       327E
__end_of_Mode2           text1        2968
__end_of___awdiv         text27       2D72
__end_of___awmod         text26       2E22
__end_of___fladd         text20       1694
__end_of___fldiv         text25       1E58
__end_of___fleq          text24       2F7A
__end_of___flge          text23       2772
__end_of___flmul         text22       1ABE
__end_of___flneg         text21       31E4
__end_of___flsub         text19       3130
__end_of___fltol         text18       266E
__end_of___fpclassifyf   text17       2870
__end_of___xxtofl        text28       2568
__end_of__initialization cinit        3232
__end_of_efgtoa          text7        11D4
__end_of_floorf          text16       23B4
__end_of_fputc           text14       2BE8
__end_of_fputs           text13       3174
__end_of_isupper         text9        31AC
__end_of_main            text0        2ED0
__end_of_pad             text11       2CAE
__end_of_putch           text15       3280
__end_of_sprintf         text3        30EA
__end_of_strcmp          text2        2A48
__end_of_strcpy          text10       3098
__end_of_strlen          text12       321A
__end_of_strncmp         text6        2B1E
__end_of_tolower         text8        303C
__end_of_vfpfcnvrt       text5        21A2
__end_of_vfprintf        text4        2FDC
__initialization         cinit        321A
__mediumconst            mediumconst  0000
__pbssBANK0              bssBANK0     00B0
__pbssBANK1              bssBANK1     0100
__pcinit                 cinit        321A
__pcstackBANK0           cstackBANK0  0080
__pcstackCOMRAM          cstackCOMRAM 0001
__pintcode               intcode      0000
__pintcode_body          intcode_body 3240
__psmallconst            smallconst   0600
__ptext0                 text0        2E22
__ptext1                 text1        2870
__ptext10                text10       303C
__ptext11                text11       2BE8
__ptext12                text12       31E4
__ptext13                text13       3130
__ptext14                text14       2B1E
__ptext15                text15       327E
__ptext16                text16       21A2
__ptext17                text17       2772
__ptext18                text18       2568
__ptext19                text19       30EA
__ptext2                 text2        2968
__ptext20                text20       11D4
__ptext21                text21       31AC
__ptext22                text22       1694
__ptext23                text23       266E
__ptext24                text24       2ED0
__ptext25                text25       1ABE
__ptext26                text26       2D72
__ptext27                text27       2CAE
__ptext28                text28       23B4
__ptext29                text29       3260
__ptext3                 text3        3098
__ptext4                 text4        2F7A
__ptext5                 text5        1E58
__ptext6                 text6        2A48
__ptext7                 text7        063A
__ptext8                 text8        2FDC
__ptext9                 text9        3174
__ramtop                 ramtop       0600
__size_of_Hi_ISR         (abs)        0000
__size_of_Mode1          (abs)        0000
__size_of_Mode2          (abs)        0000
__size_of___awdiv        (abs)        0000
__size_of___awmod        (abs)        0000
__size_of___fladd        (abs)        0000
__size_of___fldiv        (abs)        0000
__size_of___fleq         (abs)        0000
__size_of___flge         (abs)        0000
__size_of___flmul        (abs)        0000
__size_of___flneg        (abs)        0000
__size_of___flsub        (abs)        0000
__size_of___fltol        (abs)        0000
__size_of___fpclassifyf  (abs)        0000
__size_of___xxtofl       (abs)        0000
__size_of_efgtoa         (abs)        0000
__size_of_floorf         (abs)        0000
__size_of_fputc          (abs)        0000
__size_of_fputs          (abs)        0000
__size_of_isupper        (abs)        0000
__size_of_main           (abs)        0000
__size_of_pad            (abs)        0000
__size_of_putch          (abs)        0000
__size_of_sprintf        (abs)        0000
__size_of_strcmp         (abs)        0000
__size_of_strcpy         (abs)        0000
__size_of_strlen         (abs)        0000
__size_of_strncmp        (abs)        0000
__size_of_tolower        (abs)        0000
__size_of_vfpfcnvrt      (abs)        0000
__size_of_vfprintf       (abs)        0000
__smallconst             smallconst   0600
_dbuf                    bssBANK1     0100
_efgtoa                  text7        063A
_efgtoa$213              cstackCOMRAM 0044
_efgtoa$214              cstackCOMRAM 0046
_efgtoa$219              cstackCOMRAM 0048
_efgtoa$223              cstackCOMRAM 004A
_efgtoa$224              cstackCOMRAM 004C
_efgtoa$225              cstackCOMRAM 004E
_flags                   bssBANK0     00BE
_floorf                  text16       21A2
_fputc                   text14       2B1E
_fputs                   text13       3130
_isupper                 text9        3174
_main                    text0        2E22
_nout                    bssBANK0     00B8
_pad                     text11       2BE8
_prec                    bssBANK0     00BC
_putch                   text15       327E
_sprintf                 text3        3098
_str                     bssBANK0     00C0
_strcmp                  text2        2968
_strcpy                  text10       303C
_strlen                  text12       31E4
_strncmp                 text6        2A48
_tolower                 text8        2FDC
_tolower$800             cstackCOMRAM 000D
_vfpfcnvrt               text5        1E58
_vfpfcnvrt$242           cstackBANK0  0084
_vfprintf                text4        2F7A
_width                   bssBANK0     00BA
btemp                    temp         007E
efgtoa@c                 cstackCOMRAM 003A
efgtoa@d                 cstackCOMRAM 0058
efgtoa@e                 cstackCOMRAM 0070
efgtoa@f                 cstackCOMRAM 0036
efgtoa@fp                cstackCOMRAM 0034
efgtoa@g                 cstackCOMRAM 006C
efgtoa@h                 cstackCOMRAM 0062
efgtoa@i                 cstackCOMRAM 006A
efgtoa@l                 cstackCOMRAM 0066
efgtoa@m                 cstackCOMRAM 0054
efgtoa@mode              cstackCOMRAM 0061
efgtoa@n                 cstackCOMRAM 0072
efgtoa@ne                cstackCOMRAM 0056
efgtoa@nmode             cstackCOMRAM 005E
efgtoa@ou                cstackCOMRAM 0040
efgtoa@p                 cstackCOMRAM 005C
efgtoa@pp                cstackCOMRAM 0052
efgtoa@sign              cstackCOMRAM 005A
efgtoa@t                 cstackCOMRAM 0050
efgtoa@u                 cstackCOMRAM 0074
efgtoa@w                 cstackCOMRAM 005F
end_of_initialization    cinit        3232
floorf@F524              bssBANK0     00B0
floorf@e                 cstackCOMRAM 0028
floorf@m                 cstackCOMRAM 0024
floorf@u                 cstackCOMRAM 002A
floorf@x                 cstackCOMRAM 001A
fputc@c                  cstackCOMRAM 0001
fputc@fp                 cstackCOMRAM 0003
fputs@c                  cstackCOMRAM 000E
fputs@fp                 cstackCOMRAM 000C
fputs@i                  cstackCOMRAM 000F
fputs@s                  cstackCOMRAM 000A
int$flags                temp         007E
int_func                 intcode_body 3240
intlevel0                text         0000
intlevel1                text         0000
intlevel2                text         0000
intlevel3                text         0000
isupper@c                cstackCOMRAM 0001
pad@buf                  cstackCOMRAM 0013
pad@fp                   cstackCOMRAM 0011
pad@i                    cstackCOMRAM 0018
pad@p                    cstackCOMRAM 0015
pad@w                    cstackCOMRAM 001A
sprintf@ap               cstackBANK0  00A0
sprintf@f                cstackBANK0  00A2
sprintf@fmt              cstackBANK0  0098
sprintf@s                cstackBANK0  0096
stackhi                  (abs)        0000
stacklo                  (abs)        0000
start                    init         0006
start_initialization     cinit        321A
strcmp@l                 cstackCOMRAM 0001
strcmp@r                 cstackCOMRAM 0003
strcpy@d                 cstackCOMRAM 0009
strcpy@dest              cstackCOMRAM 0001
strcpy@s                 cstackCOMRAM 0007
strcpy@src               cstackCOMRAM 0003
strlen@a                 cstackCOMRAM 0003
strlen@s                 cstackCOMRAM 0001
strncmp@_l               cstackCOMRAM 0001
strncmp@_r               cstackCOMRAM 0003
strncmp@l                cstackCOMRAM 0008
strncmp@n                cstackCOMRAM 0005
strncmp@r                cstackCOMRAM 000A
tolower@c                cstackCOMRAM 0007
ttemp5                   temp         007F
ttemp6                   temp         0082
ttemp7                   temp         0086
vfpfcnvrt@ap             cstackCOMRAM 007C
vfpfcnvrt@c              cstackBANK0  008D
vfpfcnvrt@ct             cstackBANK0  008A
vfpfcnvrt@f              cstackBANK0  0086
vfpfcnvrt@fmt            cstackCOMRAM 007A
vfpfcnvrt@fp             cstackCOMRAM 0078
vfprintf@ap              cstackBANK0  0092
vfprintf@cfmt            cstackBANK0  0094
vfprintf@fmt             cstackBANK0  0090
vfprintf@fp              cstackBANK0  008E
wtemp8                   temp         007F
