MPLINK 5.09, LINKER
Linker Map File - Created Sun Nov 17 12:20:12 2019

                                 Section Info
                  Section       Type    Address   Location Size(Bytes)
                ---------  ---------  ---------  ---------  ---------
                   .org_0       code   0x000000    program   0x000064
                   .cinit    romdata   0x000064    program   0x000002
.config_300001_BUILD/DEFAULT/PRODUCTION/NEWASMT    romdata   0x300001    program   0x000001
.config_300003_BUILD/DEFAULT/PRODUCTION/NEWASMT    romdata   0x300003    program   0x000001
.config_300006_BUILD/DEFAULT/PRODUCTION/NEWASMT    romdata   0x300006    program   0x000001



                              Program Memory Usage 
                               Start         End      
                           ---------   ---------      
                            0x000000    0x000065      
                            0x300001    0x300001      
                            0x300003    0x300003      
                            0x300006    0x300006      
            105 out of 33048 program addresses used, program memory utilization is 0%



                              Symbols - Sorted by Name
                     Name    Address   Location    Storage File                     
                ---------  ---------  ---------  --------- ---------                
                   LOOP_A   0x000010    program     static C:\Users\yan\MPLABXProjects\LAB7.X\newAsmTemplate.asm
                   LOOP_B   0x000034    program     static C:\Users\yan\MPLABXProjects\LAB7.X\newAsmTemplate.asm
                  PRESS_A   0x000058    program     static C:\Users\yan\MPLABXProjects\LAB7.X\newAsmTemplate.asm
                  PRESS_B   0x00005e    program     static C:\Users\yan\MPLABXProjects\LAB7.X\newAsmTemplate.asm
                  _1LOOP1   0x000018    program     static C:\Users\yan\MPLABXProjects\LAB7.X\newAsmTemplate.asm
                  _1LOOP2   0x000014    program     static C:\Users\yan\MPLABXProjects\LAB7.X\newAsmTemplate.asm
                  _2LOOP1   0x00003c    program     static C:\Users\yan\MPLABXProjects\LAB7.X\newAsmTemplate.asm
                  _2LOOP2   0x000038    program     static C:\Users\yan\MPLABXProjects\LAB7.X\newAsmTemplate.asm



                              Symbols - Sorted by Address
                     Name    Address   Location    Storage File                     
                ---------  ---------  ---------  --------- ---------                
                   LOOP_A   0x000010    program     static C:\Users\yan\MPLABXProjects\LAB7.X\newAsmTemplate.asm
                  _1LOOP2   0x000014    program     static C:\Users\yan\MPLABXProjects\LAB7.X\newAsmTemplate.asm
                  _1LOOP1   0x000018    program     static C:\Users\yan\MPLABXProjects\LAB7.X\newAsmTemplate.asm
                   LOOP_B   0x000034    program     static C:\Users\yan\MPLABXProjects\LAB7.X\newAsmTemplate.asm
                  _2LOOP2   0x000038    program     static C:\Users\yan\MPLABXProjects\LAB7.X\newAsmTemplate.asm
                  _2LOOP1   0x00003c    program     static C:\Users\yan\MPLABXProjects\LAB7.X\newAsmTemplate.asm
                  PRESS_A   0x000058    program     static C:\Users\yan\MPLABXProjects\LAB7.X\newAsmTemplate.asm
                  PRESS_B   0x00005e    program     static C:\Users\yan\MPLABXProjects\LAB7.X\newAsmTemplate.asm


